Information: Updating design information... (UID-85)
Information: Propagating switching activity (low effort zero delay simulation). (PWR-6)
Warning: There is no defined clock in the design. (PWR-80)
 
****************************************
Report : power
        -analysis_effort low
Design : IIR_filter_LA
Version: O-2018.06-SP4
Date   : Fri Nov 19 20:42:07 2021
****************************************


Library(s) Used:

    NangateOpenCellLibrary (File: /software/dk/nangate45/synopsys/NangateOpenCellLibrary_typical_ecsm_nowlm.db)


Operating Conditions: typical   Library: NangateOpenCellLibrary
Wire Load Model Mode: top

Design        Wire Load Model            Library
------------------------------------------------
IIR_filter_LA          5K_hvratio_1_1    NangateOpenCellLibrary


Global Operating Voltage = 1.1  
Power-specific unit information :
    Voltage Units = 1V
    Capacitance Units = 1.000000ff
    Time Units = 1ns
    Dynamic Power Units = 1uW    (derived from V,C,T units)
    Leakage Power Units = 1nW


  Cell Internal Power  =  88.3305 uW   (61%)
  Net Switching Power  =  57.5467 uW   (39%)
                         ---------
Total Dynamic Power    = 145.8772 uW  (100%)

Cell Leakage Power     =  79.5496 uW


                 Internal         Switching           Leakage            Total
Power Group      Power            Power               Power              Power   (   %    )  Attrs
--------------------------------------------------------------------------------------------------
io_pad             0.0000            0.0000            0.0000            0.0000  (   0.00%)
memory             0.0000            0.0000            0.0000            0.0000  (   0.00%)
black_box          0.0000            0.0000            0.0000            0.0000  (   0.00%)
clock_network      0.0000            0.0000            0.0000            0.0000  (   0.00%)
register          20.0203           10.6721        8.0372e+03           38.7296  (  17.18%)
sequential         0.0000            0.0000            0.0000            0.0000  (   0.00%)
combinational     68.3102           46.8746        7.1512e+04          186.6972  (  82.82%)
--------------------------------------------------------------------------------------------------
Total             88.3305 uW        57.5467 uW     7.9550e+04 nW       225.4268 uW
1
