Information: Updating design information... (UID-85)
Information: Propagating switching activity (low effort zero delay simulation). (PWR-6)
Warning: There is no defined clock in the design. (PWR-80)
 
****************************************
Report : power
        -analysis_effort low
Design : IIR_filter
Version: O-2018.06-SP4
Date   : Fri Nov 19 20:21:47 2021
****************************************


Library(s) Used:

    NangateOpenCellLibrary (File: /software/dk/nangate45/synopsys/NangateOpenCellLibrary_typical_ecsm_nowlm.db)


Operating Conditions: typical   Library: NangateOpenCellLibrary
Wire Load Model Mode: top

Design        Wire Load Model            Library
------------------------------------------------
IIR_filter             5K_hvratio_1_1    NangateOpenCellLibrary


Global Operating Voltage = 1.1  
Power-specific unit information :
    Voltage Units = 1V
    Capacitance Units = 1.000000ff
    Time Units = 1ns
    Dynamic Power Units = 1uW    (derived from V,C,T units)
    Leakage Power Units = 1nW


  Cell Internal Power  = 126.7581 uW   (59%)
  Net Switching Power  =  89.8760 uW   (41%)
                         ---------
Total Dynamic Power    = 216.6342 uW  (100%)

Cell Leakage Power     =  55.5237 uW


                 Internal         Switching           Leakage            Total
Power Group      Power            Power               Power              Power   (   %    )  Attrs
--------------------------------------------------------------------------------------------------
io_pad             0.0000            0.0000            0.0000            0.0000  (   0.00%)
memory             0.0000            0.0000            0.0000            0.0000  (   0.00%)
black_box          0.0000            0.0000            0.0000            0.0000  (   0.00%)
clock_network      0.0000            0.0000            0.0000            0.0000  (   0.00%)
register          10.6393            4.6827        3.9758e+03           19.2978  (   7.09%)
sequential         0.0000            0.0000            0.0000            0.0000  (   0.00%)
combinational    116.1191           85.1932        5.1548e+04          252.8602  (  92.91%)
--------------------------------------------------------------------------------------------------
Total            126.7584 uW        89.8759 uW     5.5524e+04 nW       272.1580 uW
1
