Information: Updating design information... (UID-85)
Warning: Design 'riscv' contains 1 high-fanout nets. A fanout number of 1000 will be used for delay calculations involving these nets. (TIM-134)
 
****************************************
Report : timing
        -path full
        -delay max
        -max_paths 1
Design : riscv
Version: O-2018.06-SP4
Date   : Tue Feb  8 20:17:30 2022
****************************************

 # A fanout number of 1000 was used for high fanout net computations.

Operating Conditions: typical   Library: NangateOpenCellLibrary
Wire Load Model Mode: top

  Startpoint: RST_N (input port clocked by myCLOCK)
  Endpoint: STAGE1/ProgramCounter/b_reg[31]
            (rising edge-triggered flip-flop clocked by myCLOCK)
  Path Group: myCLOCK
  Path Type: max

  Des/Clust/Port     Wire Load Model       Library
  ------------------------------------------------
  riscv              5K_hvratio_1_1        NangateOpenCellLibrary

  Point                                                   Incr       Path
  --------------------------------------------------------------------------
  clock myCLOCK (rise edge)                               0.00       0.00
  clock network delay (ideal)                             0.00       0.00
  input external delay                                    0.50       0.50 r
  RST_N (in)                                              0.00       0.50 r
  CU/Rst (HW_Control)                                     0.00       0.50 r
  CU/U61/Z (BUF_X1)                                       0.12       0.62 r
  CU/U50/ZN (NAND2_X1)                                    0.10       0.72 f
  CU/U26/ZN (AND3_X1)                                     0.07       0.78 f
  CU/U13/ZN (NAND2_X1)                                    0.04       0.82 r
  CU/U7/ZN (INV_X1)                                       0.03       0.84 f
  CU/U10/ZN (NOR3_X1)                                     0.09       0.94 r
  CU/U5/ZN (INV_X1)                                       0.04       0.98 f
  CU/SEL_MUX[0] (HW_Control)                              0.00       0.98 f
  STAGE2/Sel_Mux[0] (stage_2)                             0.00       0.98 f
  STAGE2/IMM_GEN/MuxSel[0] (ImmediateGenerator_N32)       0.00       0.98 f
  STAGE2/IMM_GEN/MuxImmGen/SEL[0] (MUX_8_to_1_N32)        0.00       0.98 f
  STAGE2/IMM_GEN/MuxImmGen/U1/ZN (INV_X1)                 0.05       1.03 r
  STAGE2/IMM_GEN/MuxImmGen/U27/ZN (NOR3_X1)               0.03       1.06 f
  STAGE2/IMM_GEN/MuxImmGen/U4/Z (BUF_X1)                  0.07       1.13 f
  STAGE2/IMM_GEN/MuxImmGen/U37/ZN (AOI22_X1)              0.06       1.19 r
  STAGE2/IMM_GEN/MuxImmGen/U40/ZN (NAND4_X1)              0.06       1.25 f
  STAGE2/IMM_GEN/MuxImmGen/OUTPUT[0] (MUX_8_to_1_N32)     0.00       1.25 f
  STAGE2/IMM_GEN/output[0] (ImmediateGenerator_N32)       0.00       1.25 f
  STAGE2/ADDER/IN2[0] (Adder_Nbit_N32)                    0.00       1.25 f
  STAGE2/ADDER/add_17/B[0] (Adder_Nbit_N32_DW01_add_0)
                                                          0.00       1.25 f
  STAGE2/ADDER/add_17/U1/ZN (AND2_X1)                     0.05       1.30 f
  STAGE2/ADDER/add_17/U1_1/CO (FA_X1)                     0.09       1.39 f
  STAGE2/ADDER/add_17/U1_2/CO (FA_X1)                     0.09       1.48 f
  STAGE2/ADDER/add_17/U1_3/CO (FA_X1)                     0.09       1.57 f
  STAGE2/ADDER/add_17/U1_4/CO (FA_X1)                     0.09       1.66 f
  STAGE2/ADDER/add_17/U1_5/CO (FA_X1)                     0.09       1.75 f
  STAGE2/ADDER/add_17/U1_6/CO (FA_X1)                     0.09       1.84 f
  STAGE2/ADDER/add_17/U1_7/CO (FA_X1)                     0.09       1.93 f
  STAGE2/ADDER/add_17/U1_8/CO (FA_X1)                     0.09       2.02 f
  STAGE2/ADDER/add_17/U1_9/CO (FA_X1)                     0.09       2.11 f
  STAGE2/ADDER/add_17/U1_10/CO (FA_X1)                    0.09       2.20 f
  STAGE2/ADDER/add_17/U1_11/CO (FA_X1)                    0.09       2.29 f
  STAGE2/ADDER/add_17/U1_12/CO (FA_X1)                    0.09       2.38 f
  STAGE2/ADDER/add_17/U1_13/CO (FA_X1)                    0.09       2.48 f
  STAGE2/ADDER/add_17/U1_14/CO (FA_X1)                    0.09       2.57 f
  STAGE2/ADDER/add_17/U1_15/CO (FA_X1)                    0.09       2.66 f
  STAGE2/ADDER/add_17/U1_16/CO (FA_X1)                    0.09       2.75 f
  STAGE2/ADDER/add_17/U1_17/CO (FA_X1)                    0.09       2.84 f
  STAGE2/ADDER/add_17/U1_18/CO (FA_X1)                    0.09       2.93 f
  STAGE2/ADDER/add_17/U1_19/CO (FA_X1)                    0.09       3.02 f
  STAGE2/ADDER/add_17/U1_20/CO (FA_X1)                    0.09       3.11 f
  STAGE2/ADDER/add_17/U1_21/CO (FA_X1)                    0.09       3.20 f
  STAGE2/ADDER/add_17/U1_22/CO (FA_X1)                    0.09       3.29 f
  STAGE2/ADDER/add_17/U1_23/CO (FA_X1)                    0.09       3.38 f
  STAGE2/ADDER/add_17/U1_24/CO (FA_X1)                    0.09       3.47 f
  STAGE2/ADDER/add_17/U1_25/CO (FA_X1)                    0.09       3.56 f
  STAGE2/ADDER/add_17/U1_26/CO (FA_X1)                    0.09       3.65 f
  STAGE2/ADDER/add_17/U1_27/CO (FA_X1)                    0.09       3.74 f
  STAGE2/ADDER/add_17/U1_28/CO (FA_X1)                    0.09       3.84 f
  STAGE2/ADDER/add_17/U1_29/CO (FA_X1)                    0.09       3.93 f
  STAGE2/ADDER/add_17/U1_30/CO (FA_X1)                    0.09       4.02 f
  STAGE2/ADDER/add_17/U1_31/S (FA_X1)                     0.13       4.15 r
  STAGE2/ADDER/add_17/SUM[31] (Adder_Nbit_N32_DW01_add_0)
                                                          0.00       4.15 r
  STAGE2/ADDER/SUM[31] (Adder_Nbit_N32)                   0.00       4.15 r
  STAGE2/BRANCH_ADDRESS[31] (stage_2)                     0.00       4.15 r
  STAGE1/AddrJump[31] (stage_1_N32)                       0.00       4.15 r
  STAGE1/Mux_1/IN2[31] (MUX_2_to_1_N32_1)                 0.00       4.15 r
  STAGE1/Mux_1/U18/ZN (AOI22_X1)                          0.03       4.18 f
  STAGE1/Mux_1/U17/ZN (INV_X1)                            0.03       4.21 r
  STAGE1/Mux_1/OUTPUT[31] (MUX_2_to_1_N32_1)              0.00       4.21 r
  STAGE1/ProgramCounter/a[31] (PC_N32)                    0.00       4.21 r
  STAGE1/ProgramCounter/U10/ZN (NAND2_X1)                 0.02       4.23 f
  STAGE1/ProgramCounter/U9/ZN (OAI21_X1)                  0.03       4.27 r
  STAGE1/ProgramCounter/b_reg[31]/D (DFFR_X1)             0.01       4.28 r
  data arrival time                                                  4.28

  clock myCLOCK (rise edge)                               6.00       6.00
  clock network delay (ideal)                             0.00       6.00
  clock uncertainty                                      -0.07       5.93
  STAGE1/ProgramCounter/b_reg[31]/CK (DFFR_X1)            0.00       5.93 r
  library setup time                                     -0.04       5.89
  data required time                                                 5.89
  --------------------------------------------------------------------------
  data required time                                                 5.89
  data arrival time                                                 -4.28
  --------------------------------------------------------------------------
  slack (MET)                                                        1.62


1
