Information: Updating design information... (UID-85)
Information: Propagating switching activity (low effort zero delay simulation). (PWR-6)
Warning: There is no defined clock in the design. (PWR-80)
 
****************************************
Report : power
        -analysis_effort low
Design : IIR_filter_LA
Version: O-2018.06-SP4
Date   : Wed Nov 10 01:44:17 2021
****************************************


Library(s) Used:

    NangateOpenCellLibrary (File: /software/dk/nangate45/synopsys/NangateOpenCellLibrary_typical_ecsm_nowlm.db)


Operating Conditions: typical   Library: NangateOpenCellLibrary
Wire Load Model Mode: top

Design        Wire Load Model            Library
------------------------------------------------
IIR_filter_LA          5K_hvratio_1_1    NangateOpenCellLibrary


Global Operating Voltage = 1.1  
Power-specific unit information :
    Voltage Units = 1V
    Capacitance Units = 1.000000ff
    Time Units = 1ns
    Dynamic Power Units = 1uW    (derived from V,C,T units)
    Leakage Power Units = 1nW


  Cell Internal Power  = 102.3365 uW   (61%)
  Net Switching Power  =  64.2737 uW   (39%)
                         ---------
Total Dynamic Power    = 166.6102 uW  (100%)

Cell Leakage Power     =  79.1292 uW


                 Internal         Switching           Leakage            Total
Power Group      Power            Power               Power              Power   (   %    )  Attrs
--------------------------------------------------------------------------------------------------
io_pad             0.0000            0.0000            0.0000            0.0000  (   0.00%)
memory             0.0000            0.0000            0.0000            0.0000  (   0.00%)
black_box          0.0000            0.0000            0.0000            0.0000  (   0.00%)
clock_network      0.0000            0.0000            0.0000            0.0000  (   0.00%)
register          19.8967            9.7666        8.0387e+03           37.7020  (  15.34%)
sequential         0.0000            0.0000            0.0000            0.0000  (   0.00%)
combinational     82.4398           54.5070        7.1091e+04          208.0374  (  84.66%)
--------------------------------------------------------------------------------------------------
Total            102.3365 uW        64.2737 uW     7.9129e+04 nW       245.7394 uW
1
