Information: Updating design information... (UID-85)
Information: Propagating switching activity (low effort zero delay simulation). (PWR-6)
Warning: There is no defined clock in the design. (PWR-80)
 
****************************************
Report : power
        -analysis_effort low
Design : IIR_filter
Version: O-2018.06-SP4
Date   : Wed Nov 17 14:41:14 2021
****************************************


Library(s) Used:

    NangateOpenCellLibrary (File: /software/dk/nangate45/synopsys/NangateOpenCellLibrary_typical_ecsm_nowlm.db)


Operating Conditions: typical   Library: NangateOpenCellLibrary
Wire Load Model Mode: top

Design        Wire Load Model            Library
------------------------------------------------
IIR_filter             5K_hvratio_1_1    NangateOpenCellLibrary


Global Operating Voltage = 1.1  
Power-specific unit information :
    Voltage Units = 1V
    Capacitance Units = 1.000000ff
    Time Units = 1ns
    Dynamic Power Units = 1uW    (derived from V,C,T units)
    Leakage Power Units = 1nW


  Cell Internal Power  =  10.4913 uW   (81%)
  Net Switching Power  =   2.4666 uW   (19%)
                         ---------
Total Dynamic Power    =  12.9579 uW  (100%)

Cell Leakage Power     =  82.7432 uW


                 Internal         Switching           Leakage            Total
Power Group      Power            Power               Power              Power   (   %    )  Attrs
--------------------------------------------------------------------------------------------------
io_pad             0.0000            0.0000            0.0000            0.0000  (   0.00%)
memory             0.0000            0.0000            0.0000            0.0000  (   0.00%)
black_box          0.0000            0.0000            0.0000            0.0000  (   0.00%)
clock_network      0.0000            0.0000            0.0000            0.0000  (   0.00%)
register           8.5265            0.5854        4.2858e+03           13.3977  (  14.00%)
sequential         0.0000            0.0000            0.0000            0.0000  (   0.00%)
combinational      1.9648            1.8812        7.8458e+04           82.3035  (  86.00%)
--------------------------------------------------------------------------------------------------
Total             10.4913 uW         2.4666 uW     8.2743e+04 nW        95.7011 uW
1
